
> react-example@0.0.0 build
> vite build

vite v6.4.1 building for production...
transforming...
✓ 2964 modules transformed.
rendering chunks...
computing gzip size...
dist/index.html                              0.41 kB │ gzip:   0.28 kB
dist/assets/index-DWzD7Ioj.css              48.55 kB │ gzip:   8.57 kB
dist/assets/purify.es-B9ZVCkUG.js           22.64 kB │ gzip:   8.75 kB
dist/assets/index.es-BMI7uaOk.js           159.38 kB │ gzip:  53.43 kB
dist/assets/html2canvas.esm-QH1iLAAe.js    202.38 kB │ gzip:  48.04 kB
dist/assets/index-D7apjmLb.js            1,673.82 kB │ gzip: 469.10 kB

(!) Some chunks are larger than 500 kB after minification. Consider:
- Using dynamic import() to code-split the application
- Use build.rollupOptions.output.manualChunks to improve chunking: https://rollupjs.org/configuration-options/#output-manualchunks
- Adjust chunk size limit for this warning via build.chunkSizeWarningLimit.
✓ built in 6.93s
